
[16:16] n=4,224 ell=256 red=72.9% r=20
  ALM       [full] t=   2.14s obj=244,850.72 cert=1.39e-03 
  GP        [full] t=   0.62s obj=244,797.57 cert=9.91e-05 it=415
  FW        [full] t=   5.02s obj=244,803.95 cert=9.81e-05 it=2521
  ALM       [comp] t=   1.92s obj=254,151.54 cert=5.05e-02 
  GP-signed [comp] t= 300.10s obj=253,015.26 cert=4.33e-02 
  RG-anchor [comp] t=   8.57s obj=254,149.65 cert=4.91e-02 anchors=38
  --> SPEEDUPS  ALM 1.11x   GP 0.00x   RG 0.07x   (FW-full baseline 5.02s)

[16:32] n=8,175 ell=256 red=74.1% r=20
  ALM       [full] t=   5.55s obj=244,814.94 cert=8.27e-04 
  GP        [full] t=   1.86s obj=244,766.89 cert=8.81e-05 it=365
  FW        [full] t=  11.10s obj=244,776.41 cert=9.85e-05 it=2959
  ALM       [comp] t=   4.55s obj=255,845.44 cert=4.58e-02 
  GP-signed [comp] t= 300.08s obj=254,183.18 cert=3.89e-02 
  RG-anchor [comp] t=   7.14s obj=255,988.61 cert=4.63e-02 anchors=2
  --> SPEEDUPS  ALM 1.22x   GP 0.01x   RG 0.26x   (FW-full baseline 11.10s)

[16:64] n=16,202 ell=256 red=74.6% r=20
  ALM       [full] t=   8.66s obj=244,793.59 cert=8.45e-04 
  GP        [full] t=   2.33s obj=244,762.10 cert=9.68e-05 it=291
  FW        [full] t=  17.39s obj=244,774.11 cert=9.74e-05 it=3629
  ALM       [comp] t=   4.41s obj=257,190.66 cert=4.30e-02 
  GP-signed [comp] t= 300.12s obj=254,562.17 cert=3.44e-02 
  RG-anchor [comp] t=  17.56s obj=257,134.42 cert=4.29e-02 anchors=21
  --> SPEEDUPS  ALM 1.96x   GP 0.01x   RG 0.13x   (FW-full baseline 17.39s)

[32:16] n=17,233 ell=1024 red=72.5% r=20
  ALM       [full] t=  15.21s obj=1,007,542.18 cert=6.86e-04 
  GP        [full] t=   5.41s obj=1,007,429.66 cert=9.92e-05 it=539
  FW        [full] t=  31.56s obj=1,007,442.37 cert=9.97e-05 it=3496
  ALM       [comp] t=   3.95s obj=1,043,957.45 cert=4.99e-02 
  GP-signed [comp] t= 309.54s obj=1,053,957.53 cert=9.39e-02 
  RG-anchor [comp] t=  15.72s obj=1,044,024.09 cert=4.97e-02 anchors=157
  --> SPEEDUPS  ALM 3.85x   GP 0.02x   RG 0.34x   (FW-full baseline 31.56s)

[32:32] n=33,551 ell=1024 red=74.1% r=20
  ALM       [full] t=  34.06s obj=1,004,706.14 cert=9.18e-04 
  GP        [full] t=  12.23s obj=1,004,503.54 cert=9.72e-05 it=633
  FW        [full] t=  28.03s obj=1,004,518.15 cert=9.85e-05 it=2418
  ALM       [comp] t=  19.60s obj=1,048,711.63 cert=5.07e-02 
  GP-signed [comp] t= 308.70s obj=1,045,767.49 cert=5.64e-02 
  RG-anchor [comp] t=  55.29s obj=1,048,365.68 cert=4.87e-02 anchors=241
  --> SPEEDUPS  ALM 1.74x   GP 0.04x   RG 0.22x   (FW-full baseline 28.03s)

[32:64] n=66,161 ell=1024 red=74.7% r=20
  ALM       [full] t=  76.95s obj=1,004,470.35 cert=7.28e-04 
  GP        [full] t=  29.86s obj=1,004,279.52 cert=9.56e-05 it=705
  FW        [full] t=  61.14s obj=1,004,309.98 cert=9.91e-05 it=2958
  ALM       [comp] t=  30.25s obj=1,052,469.26 cert=4.38e-02 
  GP-signed [comp] t= 311.47s obj=1,044,580.37 cert=5.06e-02 
  RG-anchor [comp] t= 116.87s obj=1,054,099.15 cert=4.51e-02 anchors=198
  --> SPEEDUPS  ALM 2.54x   GP 0.10x   RG 0.26x   (FW-full baseline 61.14s)

[grid-ops] SUMMARY (compression speedup per operator):
  cell         ALM      GP      RG
  N16K16      1.11     0.0    0.07
  N16K32      1.22    0.01    0.26
  N16K64      1.96    0.01    0.13
  N32K16      3.85    0.02    0.34
  N32K32      1.74    0.04    0.22
  N32K64      2.54     0.1    0.26
wrote C:\source_codes\0_source_code_new\compressed_optimization\git_dev\CompressedTAP\repro_v3\results\grid_operators.csv
[grid-ops] DONE
