
========================================================================
exp05 sketch-K10: path_pool_K10.csv  tau=4.54  ranks=[6, 10, 20]
========================================================================
  n=903,516 od=81,435 nnz/path=17.0 -> rule: r <~ 9
  FULL      t=   301.2s obj=16,972,896.71 inner=1257
  r=6        t=    98.5s SPEEDUP= 3.06x gap= +0.0000% red=89.8% inner=861
  r=10       t=   122.6s SPEEDUP= 2.46x gap= +0.0399% red=89.8% inner=869
  r=20       t=   183.4s SPEEDUP= 1.64x gap= +0.0000% red=89.8% inner=1059

========================================================================
exp05 sketch-K15: path_pool_K15.csv  tau=4.54  ranks=[6, 10, 20]
========================================================================
  n=1,323,999 od=86,304 nnz/path=17.1 -> rule: r <~ 9
  FULL      t=   583.5s obj=17,062,700.77 inner=2245
  r=6        t=   178.9s SPEEDUP= 3.26x gap= +0.0000% red=92.4% inner=1172
  r=10       t=   201.7s SPEEDUP= 2.89x gap= +0.0373% red=92.4% inner=1423
  r=20       t=   294.4s SPEEDUP= 1.98x gap= +0.0000% red=92.4% inner=1466

========================================================================
exp05 regional-E0: path_pool_E0_baseline.csv  tau=1.03  ranks=[8, 15]
========================================================================
  n=2,024,525 od=270,598 nnz/path=30.0 -> rule: r <~ 15
  FULL      t=  1085.3s obj=18,854,545.32 inner=902
